src/components/HabitImpactScore.tsx(54,99): error TS2322: Type 'number[]' is not assignable to type 'string | number | undefined'.
